[0.019s] Invoking command in '/workspaces/polymath_workspace/src/hemisphere_gnss_v500_driver/build/hemisphere_gnss_v500_driver': CMAKE_PREFIX_PATH=${CMAKE_PREFIX_PATH}:/workspaces/polymath_workspace/install/rqt_joint_trajectory_controller:/workspaces/polymath_workspace/install/ros2_lidar_processing:/workspaces/polymath_workspace/install/ros2_controllers_test_nodes:/workspaces/polymath_workspace/install/polymath_systemd_ros_client:/workspaces/polymath_workspace/install/pointcloud_to_image:/workspaces/polymath_workspace/install/kf_hungarian_tracker:/workspaces/polymath_workspace/install/lidar_test_bench:/opt/ros/humble /usr/bin/cmake --build /workspaces/polymath_workspace/src/hemisphere_gnss_v500_driver/build/hemisphere_gnss_v500_driver -- -j20 -l20
[0.091s] [35m[1mConsolidate compiler generated dependencies of target hemisphere_component[0m
[0.109s] [ 28%] Built target hemisphere_driver_node
[0.125s] [ 42%] [32mBuilding CXX object CMakeFiles/hemisphere_component.dir/utilities/nmea_framer.cpp.o[0m
[2.328s] [ 57%] [32m[1mLinking CXX shared library libhemisphere_component.so[0m
[2.443s] [100%] Built target hemisphere_component
[2.455s] Invoked command in '/workspaces/polymath_workspace/src/hemisphere_gnss_v500_driver/build/hemisphere_gnss_v500_driver' returned '0': CMAKE_PREFIX_PATH=${CMAKE_PREFIX_PATH}:/workspaces/polymath_workspace/install/rqt_joint_trajectory_controller:/workspaces/polymath_workspace/install/ros2_lidar_processing:/workspaces/polymath_workspace/install/ros2_controllers_test_nodes:/workspaces/polymath_workspace/install/polymath_systemd_ros_client:/workspaces/polymath_workspace/install/pointcloud_to_image:/workspaces/polymath_workspace/install/kf_hungarian_tracker:/workspaces/polymath_workspace/install/lidar_test_bench:/opt/ros/humble /usr/bin/cmake --build /workspaces/polymath_workspace/src/hemisphere_gnss_v500_driver/build/hemisphere_gnss_v500_driver -- -j20 -l20
[2.465s] Invoking command in '/workspaces/polymath_workspace/src/hemisphere_gnss_v500_driver/build/hemisphere_gnss_v500_driver': CMAKE_PREFIX_PATH=${CMAKE_PREFIX_PATH}:/workspaces/polymath_workspace/install/rqt_joint_trajectory_controller:/workspaces/polymath_workspace/install/ros2_lidar_processing:/workspaces/polymath_workspace/install/ros2_controllers_test_nodes:/workspaces/polymath_workspace/install/polymath_systemd_ros_client:/workspaces/polymath_workspace/install/pointcloud_to_image:/workspaces/polymath_workspace/install/kf_hungarian_tracker:/workspaces/polymath_workspace/install/lidar_test_bench:/opt/ros/humble /usr/bin/cmake --install /workspaces/polymath_workspace/src/hemisphere_gnss_v500_driver/build/hemisphere_gnss_v500_driver
[2.477s] -- Install configuration: "Release"
[2.477s] -- Up-to-date: /workspaces/polymath_workspace/src/hemisphere_gnss_v500_driver/install/hemisphere_gnss_v500_driver/lib/hemisphere_gnss_v500_driver/hemisphere_driver_node
[2.477s] -- Installing: /workspaces/polymath_workspace/src/hemisphere_gnss_v500_driver/install/hemisphere_gnss_v500_driver/lib/libhemisphere_component.so
[2.478s] -- Set runtime path of "/workspaces/polymath_workspace/src/hemisphere_gnss_v500_driver/install/hemisphere_gnss_v500_driver/lib/libhemisphere_component.so" to ""
[2.478s] -- Up-to-date: /workspaces/polymath_workspace/src/hemisphere_gnss_v500_driver/install/hemisphere_gnss_v500_driver/share/ament_index/resource_index/package_run_dependencies/hemisphere_gnss_v500_driver
[2.478s] -- Up-to-date: /workspaces/polymath_workspace/src/hemisphere_gnss_v500_driver/install/hemisphere_gnss_v500_driver/share/ament_index/resource_index/parent_prefix_path/hemisphere_gnss_v500_driver
[2.478s] -- Up-to-date: /workspaces/polymath_workspace/src/hemisphere_gnss_v500_driver/install/hemisphere_gnss_v500_driver/share/hemisphere_gnss_v500_driver/environment/ament_prefix_path.sh
[2.478s] -- Up-to-date: /workspaces/polymath_workspace/src/hemisphere_gnss_v500_driver/install/hemisphere_gnss_v500_driver/share/hemisphere_gnss_v500_driver/environment/ament_prefix_path.dsv
[2.478s] -- Up-to-date: /workspaces/polymath_workspace/src/hemisphere_gnss_v500_driver/install/hemisphere_gnss_v500_driver/share/hemisphere_gnss_v500_driver/environment/path.sh
[2.478s] -- Up-to-date: /workspaces/polymath_workspace/src/hemisphere_gnss_v500_driver/install/hemisphere_gnss_v500_driver/share/hemisphere_gnss_v500_driver/environment/path.dsv
[2.478s] -- Up-to-date: /workspaces/polymath_workspace/src/hemisphere_gnss_v500_driver/install/hemisphere_gnss_v500_driver/share/hemisphere_gnss_v500_driver/local_setup.bash
[2.478s] -- Up-to-date: /workspaces/polymath_workspace/src/hemisphere_gnss_v500_driver/install/hemisphere_gnss_v500_driver/share/hemisphere_gnss_v500_driver/local_setup.sh
[2.478s] -- Up-to-date: /workspaces/polymath_workspace/src/hemisphere_gnss_v500_driver/install/hemisphere_gnss_v500_driver/share/hemisphere_gnss_v500_driver/local_setup.zsh
[2.478s] -- Up-to-date: /workspaces/polymath_workspace/src/hemisphere_gnss_v500_driver/install/hemisphere_gnss_v500_driver/share/hemisphere_gnss_v500_driver/local_setup.dsv
[2.478s] -- Installing: /workspaces/polymath_workspace/src/hemisphere_gnss_v500_driver/install/hemisphere_gnss_v500_driver/share/hemisphere_gnss_v500_driver/package.dsv
[2.478s] -- Up-to-date: /workspaces/polymath_workspace/src/hemisphere_gnss_v500_driver/install/hemisphere_gnss_v500_driver/share/ament_index/resource_index/packages/hemisphere_gnss_v500_driver
[2.479s] -- Up-to-date: /workspaces/polymath_workspace/src/hemisphere_gnss_v500_driver/install/hemisphere_gnss_v500_driver/share/ament_index/resource_index/rclcpp_components/hemisphere_gnss_v500_driver
[2.479s] -- Up-to-date: /workspaces/polymath_workspace/src/hemisphere_gnss_v500_driver/install/hemisphere_gnss_v500_driver/share/hemisphere_gnss_v500_driver/cmake/hemisphere_gnss_v500_driverConfig.cmake
[2.479s] -- Up-to-date: /workspaces/polymath_workspace/src/hemisphere_gnss_v500_driver/install/hemisphere_gnss_v500_driver/share/hemisphere_gnss_v500_driver/cmake/hemisphere_gnss_v500_driverConfig-version.cmake
[2.479s] -- Up-to-date: /workspaces/polymath_workspace/src/hemisphere_gnss_v500_driver/install/hemisphere_gnss_v500_driver/share/hemisphere_gnss_v500_driver/package.xml
[2.480s] Invoked command in '/workspaces/polymath_workspace/src/hemisphere_gnss_v500_driver/build/hemisphere_gnss_v500_driver' returned '0': CMAKE_PREFIX_PATH=${CMAKE_PREFIX_PATH}:/workspaces/polymath_workspace/install/rqt_joint_trajectory_controller:/workspaces/polymath_workspace/install/ros2_lidar_processing:/workspaces/polymath_workspace/install/ros2_controllers_test_nodes:/workspaces/polymath_workspace/install/polymath_systemd_ros_client:/workspaces/polymath_workspace/install/pointcloud_to_image:/workspaces/polymath_workspace/install/kf_hungarian_tracker:/workspaces/polymath_workspace/install/lidar_test_bench:/opt/ros/humble /usr/bin/cmake --install /workspaces/polymath_workspace/src/hemisphere_gnss_v500_driver/build/hemisphere_gnss_v500_driver
