[0.180s] DEBUG:colcon:Command line arguments: ['/usr/bin/colcon', 'build', '--packages-select', 'hemisphere_gnss_v500_driver', '--cmake-args', '-DCMAKE_BUILD_TYPE=Release']
[0.180s] DEBUG:colcon:Parsed command line arguments: Namespace(log_base=None, log_level=None, verb_name='build', build_base='build', install_base='install', merge_install=False, symlink_install=False, test_result_base=None, continue_on_error=False, executor='parallel', parallel_workers=20, event_handlers=None, ignore_user_meta=False, metas=['./colcon.meta'], base_paths=['.'], packages_ignore=None, packages_ignore_regex=None, paths=None, packages_up_to=None, packages_up_to_regex=None, packages_above=None, packages_above_and_dependencies=None, packages_above_depth=None, packages_select_by_dep=None, packages_skip_by_dep=None, packages_skip_up_to=None, packages_select_build_failed=False, packages_skip_build_finished=False, packages_select_test_failures=False, packages_skip_test_passed=False, packages_select=['hemisphere_gnss_v500_driver'], packages_skip=None, packages_select_regex=None, packages_skip_regex=None, packages_start=None, packages_end=None, cmake_args=['-DCMAKE_BUILD_TYPE=Release'], cmake_target=None, cmake_target_skip_unavailable=False, cmake_clean_cache=False, cmake_clean_first=False, cmake_force_configure=False, ament_cmake_args=None, catkin_cmake_args=None, catkin_skip_building_tests=False, mixin_files=None, mixin=None, verb_parser=<colcon_mixin.mixin.mixin_argument.MixinArgumentDecorator object at 0x70b424061a20>, verb_extension=<colcon_core.verb.build.BuildVerb object at 0x70b4240614e0>, main=<bound method BuildVerb.main of <colcon_core.verb.build.BuildVerb object at 0x70b4240614e0>>, mixin_verb=('build',))
[0.387s] Level 1:colcon.colcon_core.package_discovery:discover_packages(colcon_meta) check parameters
[0.388s] INFO:colcon.colcon_metadata.package_discovery.colcon_meta:Using configuration from '/etc/colcon/metadata/default/Gazebo.meta'
[0.389s] INFO:colcon.colcon_metadata.package_discovery.colcon_meta:Using configuration from '/etc/colcon/metadata/default/fastdds.meta'
[0.389s] INFO:colcon.colcon_metadata.package_discovery.colcon_meta:Using configuration from '/etc/colcon/metadata/default/fastrtps.meta'
[0.390s] Level 1:colcon.colcon_core.package_discovery:discover_packages(recursive) check parameters
[0.390s] Level 1:colcon.colcon_core.package_discovery:discover_packages(ignore) check parameters
[0.390s] Level 1:colcon.colcon_core.package_discovery:discover_packages(path) check parameters
[0.390s] Level 1:colcon.colcon_core.package_discovery:discover_packages(colcon_meta) discover
[0.390s] Level 1:colcon.colcon_core.package_discovery:discover_packages(recursive) discover
[0.390s] INFO:colcon.colcon_core.package_discovery:Crawling recursively for packages in '/workspaces/polymath_workspace/src/hemisphere_gnss_v500_driver'
[0.390s] Level 1:colcon.colcon_core.package_identification:_identify(.) by extensions ['ignore', 'ignore_ament_install']
[0.390s] Level 1:colcon.colcon_core.package_identification:_identify(.) by extension 'ignore'
[0.390s] Level 1:colcon.colcon_core.package_identification:_identify(.) by extension 'ignore_ament_install'
[0.390s] Level 1:colcon.colcon_core.package_identification:_identify(.) by extensions ['colcon_pkg']
[0.390s] Level 1:colcon.colcon_core.package_identification:_identify(.) by extension 'colcon_pkg'
[0.390s] Level 1:colcon.colcon_core.package_identification:_identify(.) by extensions ['colcon_meta']
[0.390s] Level 1:colcon.colcon_core.package_identification:_identify(.) by extension 'colcon_meta'
[0.390s] Level 1:colcon.colcon_core.package_identification:_identify(.) by extensions ['ros']
[0.390s] Level 1:colcon.colcon_core.package_identification:_identify(.) by extension 'ros'
[0.409s] DEBUG:colcon.colcon_core.package_identification:Package '.' with type 'ros.ament_cmake' and name 'hemisphere_gnss_v500_driver'
[0.410s] Level 1:colcon.colcon_core.package_discovery:discover_packages(recursive) using defaults
[0.410s] Level 1:colcon.colcon_core.package_discovery:discover_packages(ignore) discover
[0.410s] Level 1:colcon.colcon_core.package_discovery:discover_packages(ignore) using defaults
[0.410s] Level 1:colcon.colcon_core.package_discovery:discover_packages(path) discover
[0.410s] Level 1:colcon.colcon_core.package_discovery:discover_packages(path) using defaults
[0.454s] Level 5:colcon.colcon_core.verb:set package 'hemisphere_gnss_v500_driver' build argument 'cmake_args' from command line to '['-DCMAKE_BUILD_TYPE=Release']'
[0.454s] Level 5:colcon.colcon_core.verb:set package 'hemisphere_gnss_v500_driver' build argument 'cmake_target' from command line to 'None'
[0.454s] Level 5:colcon.colcon_core.verb:set package 'hemisphere_gnss_v500_driver' build argument 'cmake_target_skip_unavailable' from command line to 'False'
[0.454s] Level 5:colcon.colcon_core.verb:set package 'hemisphere_gnss_v500_driver' build argument 'cmake_clean_cache' from command line to 'False'
[0.454s] Level 5:colcon.colcon_core.verb:set package 'hemisphere_gnss_v500_driver' build argument 'cmake_clean_first' from command line to 'False'
[0.455s] Level 5:colcon.colcon_core.verb:set package 'hemisphere_gnss_v500_driver' build argument 'cmake_force_configure' from command line to 'False'
[0.455s] Level 5:colcon.colcon_core.verb:set package 'hemisphere_gnss_v500_driver' build argument 'ament_cmake_args' from command line to 'None'
[0.455s] Level 5:colcon.colcon_core.verb:set package 'hemisphere_gnss_v500_driver' build argument 'catkin_cmake_args' from command line to 'None'
[0.455s] Level 5:colcon.colcon_core.verb:set package 'hemisphere_gnss_v500_driver' build argument 'catkin_skip_building_tests' from command line to 'False'
[0.455s] DEBUG:colcon.colcon_core.verb:Building package 'hemisphere_gnss_v500_driver' with the following arguments: {'ament_cmake_args': None, 'build_base': '/workspaces/polymath_workspace/src/hemisphere_gnss_v500_driver/build/hemisphere_gnss_v500_driver', 'catkin_cmake_args': None, 'catkin_skip_building_tests': False, 'cmake_args': ['-DCMAKE_BUILD_TYPE=Release'], 'cmake_clean_cache': False, 'cmake_clean_first': False, 'cmake_force_configure': False, 'cmake_target': None, 'cmake_target_skip_unavailable': False, 'install_base': '/workspaces/polymath_workspace/src/hemisphere_gnss_v500_driver/install/hemisphere_gnss_v500_driver', 'merge_install': False, 'path': '/workspaces/polymath_workspace/src/hemisphere_gnss_v500_driver', 'symlink_install': False, 'test_result_base': None}
[0.455s] INFO:colcon.colcon_core.executor:Executing jobs using 'parallel' executor
[0.456s] DEBUG:colcon.colcon_parallel_executor.executor.parallel:run_until_complete
[0.457s] INFO:colcon.colcon_ros.task.ament_cmake.build:Building ROS package in '/workspaces/polymath_workspace/src/hemisphere_gnss_v500_driver' with build type 'ament_cmake'
[0.457s] INFO:colcon.colcon_cmake.task.cmake.build:Building CMake package in '/workspaces/polymath_workspace/src/hemisphere_gnss_v500_driver'
[0.460s] INFO:colcon.colcon_core.plugin_system:Skipping extension 'colcon_core.shell.bat': Not used on non-Windows systems
[0.461s] INFO:colcon.colcon_core.shell:Skip shell extension 'powershell' for command environment: Not usable outside of PowerShell
[0.461s] DEBUG:colcon.colcon_core.shell:Skip shell extension 'dsv' for command environment
[0.462s] WARNING:colcon.colcon_ros.prefix_path.ament:The path '/workspaces/polymath_workspace/install/polymath_autonomy' in the environment variable AMENT_PREFIX_PATH doesn't exist
[0.462s] WARNING:colcon.colcon_ros.prefix_path.ament:The path '/workspaces/polymath_workspace/install/vehicle_following_planner' in the environment variable AMENT_PREFIX_PATH doesn't exist
[0.462s] WARNING:colcon.colcon_ros.prefix_path.ament:The path '/workspaces/polymath_workspace/install/vehicle_following_manager' in the environment variable AMENT_PREFIX_PATH doesn't exist
[0.462s] WARNING:colcon.colcon_ros.prefix_path.ament:The path '/workspaces/polymath_workspace/install/vehicle_following_goal_checker' in the environment variable AMENT_PREFIX_PATH doesn't exist
[0.462s] WARNING:colcon.colcon_ros.prefix_path.ament:The path '/workspaces/polymath_workspace/install/vehicle_following_controller' in the environment variable AMENT_PREFIX_PATH doesn't exist
[0.462s] WARNING:colcon.colcon_ros.prefix_path.ament:The path '/workspaces/polymath_workspace/install/vehicle_following_alarm_condition' in the environment variable AMENT_PREFIX_PATH doesn't exist
[0.463s] WARNING:colcon.colcon_ros.prefix_path.ament:The path '/workspaces/polymath_workspace/install/teleop_guard' in the environment variable AMENT_PREFIX_PATH doesn't exist
[0.463s] WARNING:colcon.colcon_ros.prefix_path.ament:The path '/workspaces/polymath_workspace/install/cerebellum' in the environment variable AMENT_PREFIX_PATH doesn't exist
[0.463s] WARNING:colcon.colcon_ros.prefix_path.ament:The path '/workspaces/polymath_workspace/install/axiomatic_adapter' in the environment variable AMENT_PREFIX_PATH doesn't exist
[0.463s] WARNING:colcon.colcon_ros.prefix_path.ament:The path '/workspaces/polymath_workspace/install/polymath_multi_lidar_merger' in the environment variable AMENT_PREFIX_PATH doesn't exist
[0.463s] WARNING:colcon.colcon_ros.prefix_path.ament:The path '/workspaces/polymath_workspace/install/mapping_and_localization' in the environment variable AMENT_PREFIX_PATH doesn't exist
[0.463s] WARNING:colcon.colcon_ros.prefix_path.ament:The path '/workspaces/polymath_workspace/install/map_manager' in the environment variable AMENT_PREFIX_PATH doesn't exist
[0.463s] WARNING:colcon.colcon_ros.prefix_path.ament:The path '/workspaces/polymath_workspace/install/map_aligner' in the environment variable AMENT_PREFIX_PATH doesn't exist
[0.464s] WARNING:colcon.colcon_ros.prefix_path.ament:The path '/workspaces/polymath_workspace/install/route_manager' in the environment variable AMENT_PREFIX_PATH doesn't exist
[0.464s] WARNING:colcon.colcon_ros.prefix_path.ament:The path '/workspaces/polymath_workspace/install/route_graph_generator' in the environment variable AMENT_PREFIX_PATH doesn't exist
[0.464s] WARNING:colcon.colcon_ros.prefix_path.ament:The path '/workspaces/polymath_workspace/install/rosgraph_monitor_test' in the environment variable AMENT_PREFIX_PATH doesn't exist
[0.464s] WARNING:colcon.colcon_ros.prefix_path.ament:The path '/workspaces/polymath_workspace/install/polymath_utility_nodes' in the environment variable AMENT_PREFIX_PATH doesn't exist
[0.465s] WARNING:colcon.colcon_ros.prefix_path.ament:The path '/workspaces/polymath_workspace/install/polymath_nav2_behavior_tree' in the environment variable AMENT_PREFIX_PATH doesn't exist
[0.465s] WARNING:colcon.colcon_ros.prefix_path.ament:The path '/workspaces/polymath_workspace/install/costmap_video_stream' in the environment variable AMENT_PREFIX_PATH doesn't exist
[0.465s] WARNING:colcon.colcon_ros.prefix_path.ament:The path '/workspaces/polymath_workspace/install/bag_recorder' in the environment variable AMENT_PREFIX_PATH doesn't exist
[0.467s] WARNING:colcon.colcon_ros.prefix_path.catkin:The path '/workspaces/polymath_workspace/install/polymath_autonomy' in the environment variable CMAKE_PREFIX_PATH doesn't exist
[0.467s] WARNING:colcon.colcon_ros.prefix_path.catkin:The path '/workspaces/polymath_workspace/install/vehicle_following_planner' in the environment variable CMAKE_PREFIX_PATH doesn't exist
[0.467s] WARNING:colcon.colcon_ros.prefix_path.catkin:The path '/workspaces/polymath_workspace/install/vehicle_following_manager' in the environment variable CMAKE_PREFIX_PATH doesn't exist
[0.467s] WARNING:colcon.colcon_ros.prefix_path.catkin:The path '/workspaces/polymath_workspace/install/vehicle_following_goal_checker' in the environment variable CMAKE_PREFIX_PATH doesn't exist
[0.467s] WARNING:colcon.colcon_ros.prefix_path.catkin:The path '/workspaces/polymath_workspace/install/vehicle_following_controller' in the environment variable CMAKE_PREFIX_PATH doesn't exist
[0.467s] WARNING:colcon.colcon_ros.prefix_path.catkin:The path '/workspaces/polymath_workspace/install/vehicle_following_alarm_condition' in the environment variable CMAKE_PREFIX_PATH doesn't exist
[0.467s] WARNING:colcon.colcon_ros.prefix_path.catkin:The path '/workspaces/polymath_workspace/install/teleop_guard' in the environment variable CMAKE_PREFIX_PATH doesn't exist
[0.468s] WARNING:colcon.colcon_ros.prefix_path.catkin:The path '/workspaces/polymath_workspace/install/cerebellum' in the environment variable CMAKE_PREFIX_PATH doesn't exist
[0.468s] WARNING:colcon.colcon_ros.prefix_path.catkin:The path '/workspaces/polymath_workspace/install/axiomatic_adapter' in the environment variable CMAKE_PREFIX_PATH doesn't exist
[0.468s] WARNING:colcon.colcon_ros.prefix_path.catkin:The path '/workspaces/polymath_workspace/install/polymath_multi_lidar_merger' in the environment variable CMAKE_PREFIX_PATH doesn't exist
[0.468s] WARNING:colcon.colcon_ros.prefix_path.catkin:The path '/workspaces/polymath_workspace/install/mapping_and_localization' in the environment variable CMAKE_PREFIX_PATH doesn't exist
[0.468s] WARNING:colcon.colcon_ros.prefix_path.catkin:The path '/workspaces/polymath_workspace/install/map_manager' in the environment variable CMAKE_PREFIX_PATH doesn't exist
[0.468s] WARNING:colcon.colcon_ros.prefix_path.catkin:The path '/workspaces/polymath_workspace/install/map_aligner' in the environment variable CMAKE_PREFIX_PATH doesn't exist
[0.468s] WARNING:colcon.colcon_ros.prefix_path.catkin:The path '/workspaces/polymath_workspace/install/route_manager' in the environment variable CMAKE_PREFIX_PATH doesn't exist
[0.468s] WARNING:colcon.colcon_ros.prefix_path.catkin:The path '/workspaces/polymath_workspace/install/route_graph_generator' in the environment variable CMAKE_PREFIX_PATH doesn't exist
[0.468s] WARNING:colcon.colcon_ros.prefix_path.catkin:The path '/workspaces/polymath_workspace/install/rosgraph_monitor_test' in the environment variable CMAKE_PREFIX_PATH doesn't exist
[0.468s] WARNING:colcon.colcon_ros.prefix_path.catkin:The path '/workspaces/polymath_workspace/install/polymath_utility_nodes' in the environment variable CMAKE_PREFIX_PATH doesn't exist
[0.468s] WARNING:colcon.colcon_ros.prefix_path.catkin:The path '/workspaces/polymath_workspace/install/polymath_nav2_behavior_tree' in the environment variable CMAKE_PREFIX_PATH doesn't exist
[0.468s] WARNING:colcon.colcon_ros.prefix_path.catkin:The path '/workspaces/polymath_workspace/install/costmap_video_stream' in the environment variable CMAKE_PREFIX_PATH doesn't exist
[0.468s] WARNING:colcon.colcon_ros.prefix_path.catkin:The path '/workspaces/polymath_workspace/install/bag_recorder' in the environment variable CMAKE_PREFIX_PATH doesn't exist
[0.494s] DEBUG:colcon.colcon_core.event_handler.log_command:Invoking command in '/workspaces/polymath_workspace/src/hemisphere_gnss_v500_driver/build/hemisphere_gnss_v500_driver': CMAKE_PREFIX_PATH=${CMAKE_PREFIX_PATH}:/workspaces/polymath_workspace/install/rqt_joint_trajectory_controller:/workspaces/polymath_workspace/install/ros2_lidar_processing:/workspaces/polymath_workspace/install/ros2_controllers_test_nodes:/workspaces/polymath_workspace/install/polymath_systemd_ros_client:/workspaces/polymath_workspace/install/pointcloud_to_image:/workspaces/polymath_workspace/install/kf_hungarian_tracker:/workspaces/polymath_workspace/install/lidar_test_bench:/opt/ros/humble /usr/bin/cmake --build /workspaces/polymath_workspace/src/hemisphere_gnss_v500_driver/build/hemisphere_gnss_v500_driver -- -j20 -l20
[12.157s] DEBUG:colcon.colcon_core.event_handler.log_command:Invoked command in '/workspaces/polymath_workspace/src/hemisphere_gnss_v500_driver/build/hemisphere_gnss_v500_driver' returned '2': CMAKE_PREFIX_PATH=${CMAKE_PREFIX_PATH}:/workspaces/polymath_workspace/install/rqt_joint_trajectory_controller:/workspaces/polymath_workspace/install/ros2_lidar_processing:/workspaces/polymath_workspace/install/ros2_controllers_test_nodes:/workspaces/polymath_workspace/install/polymath_systemd_ros_client:/workspaces/polymath_workspace/install/pointcloud_to_image:/workspaces/polymath_workspace/install/kf_hungarian_tracker:/workspaces/polymath_workspace/install/lidar_test_bench:/opt/ros/humble /usr/bin/cmake --build /workspaces/polymath_workspace/src/hemisphere_gnss_v500_driver/build/hemisphere_gnss_v500_driver -- -j20 -l20
[12.158s] Level 1:colcon.colcon_core.environment:create_environment_scripts_only(hemisphere_gnss_v500_driver)
[12.166s] Level 1:colcon.colcon_core.environment:checking '/workspaces/polymath_workspace/src/hemisphere_gnss_v500_driver/install/hemisphere_gnss_v500_driver' for CMake module files
[12.168s] Level 1:colcon.colcon_core.environment:checking '/workspaces/polymath_workspace/src/hemisphere_gnss_v500_driver/install/hemisphere_gnss_v500_driver' for CMake config files
[12.168s] Level 1:colcon.colcon_core.shell:create_environment_hook('hemisphere_gnss_v500_driver', 'cmake_prefix_path')
[12.169s] INFO:colcon.colcon_core.shell:Creating environment hook '/workspaces/polymath_workspace/src/hemisphere_gnss_v500_driver/install/hemisphere_gnss_v500_driver/share/hemisphere_gnss_v500_driver/hook/cmake_prefix_path.ps1'
[12.171s] INFO:colcon.colcon_core.shell:Creating environment descriptor '/workspaces/polymath_workspace/src/hemisphere_gnss_v500_driver/install/hemisphere_gnss_v500_driver/share/hemisphere_gnss_v500_driver/hook/cmake_prefix_path.dsv'
[12.172s] INFO:colcon.colcon_core.shell:Creating environment hook '/workspaces/polymath_workspace/src/hemisphere_gnss_v500_driver/install/hemisphere_gnss_v500_driver/share/hemisphere_gnss_v500_driver/hook/cmake_prefix_path.sh'
[12.174s] Level 1:colcon.colcon_core.environment:checking '/workspaces/polymath_workspace/src/hemisphere_gnss_v500_driver/install/hemisphere_gnss_v500_driver/lib'
[12.174s] Level 1:colcon.colcon_core.shell:create_environment_hook('hemisphere_gnss_v500_driver', 'ld_library_path_lib')
[12.175s] INFO:colcon.colcon_core.shell:Creating environment hook '/workspaces/polymath_workspace/src/hemisphere_gnss_v500_driver/install/hemisphere_gnss_v500_driver/share/hemisphere_gnss_v500_driver/hook/ld_library_path_lib.ps1'
[12.176s] INFO:colcon.colcon_core.shell:Creating environment descriptor '/workspaces/polymath_workspace/src/hemisphere_gnss_v500_driver/install/hemisphere_gnss_v500_driver/share/hemisphere_gnss_v500_driver/hook/ld_library_path_lib.dsv'
[12.177s] INFO:colcon.colcon_core.shell:Creating environment hook '/workspaces/polymath_workspace/src/hemisphere_gnss_v500_driver/install/hemisphere_gnss_v500_driver/share/hemisphere_gnss_v500_driver/hook/ld_library_path_lib.sh'
[12.178s] Level 1:colcon.colcon_core.environment:checking '/workspaces/polymath_workspace/src/hemisphere_gnss_v500_driver/install/hemisphere_gnss_v500_driver/bin'
[12.178s] Level 1:colcon.colcon_core.environment:checking '/workspaces/polymath_workspace/src/hemisphere_gnss_v500_driver/install/hemisphere_gnss_v500_driver/lib/pkgconfig/hemisphere_gnss_v500_driver.pc'
[12.183s] Level 1:colcon.colcon_core.environment:checking '/workspaces/polymath_workspace/src/hemisphere_gnss_v500_driver/install/hemisphere_gnss_v500_driver/lib/python3.10/site-packages'
[12.184s] Level 1:colcon.colcon_core.environment:checking '/workspaces/polymath_workspace/src/hemisphere_gnss_v500_driver/install/hemisphere_gnss_v500_driver/bin'
[12.186s] INFO:colcon.colcon_core.shell:Creating package script '/workspaces/polymath_workspace/src/hemisphere_gnss_v500_driver/install/hemisphere_gnss_v500_driver/share/hemisphere_gnss_v500_driver/package.ps1'
[12.190s] INFO:colcon.colcon_core.shell:Creating package descriptor '/workspaces/polymath_workspace/src/hemisphere_gnss_v500_driver/install/hemisphere_gnss_v500_driver/share/hemisphere_gnss_v500_driver/package.dsv'
[12.192s] INFO:colcon.colcon_core.shell:Creating package script '/workspaces/polymath_workspace/src/hemisphere_gnss_v500_driver/install/hemisphere_gnss_v500_driver/share/hemisphere_gnss_v500_driver/package.sh'
[12.196s] INFO:colcon.colcon_core.shell:Creating package script '/workspaces/polymath_workspace/src/hemisphere_gnss_v500_driver/install/hemisphere_gnss_v500_driver/share/hemisphere_gnss_v500_driver/package.bash'
[12.199s] INFO:colcon.colcon_core.shell:Creating package script '/workspaces/polymath_workspace/src/hemisphere_gnss_v500_driver/install/hemisphere_gnss_v500_driver/share/hemisphere_gnss_v500_driver/package.zsh'
[12.201s] Level 1:colcon.colcon_core.environment:create_file_with_runtime_dependencies(/workspaces/polymath_workspace/src/hemisphere_gnss_v500_driver/install/hemisphere_gnss_v500_driver/share/colcon-core/packages/hemisphere_gnss_v500_driver)
[12.213s] DEBUG:colcon.colcon_parallel_executor.executor.parallel:closing loop
[12.213s] DEBUG:colcon.colcon_parallel_executor.executor.parallel:loop closed
[12.213s] DEBUG:colcon.colcon_parallel_executor.executor.parallel:run_until_complete finished with '2'
[12.213s] DEBUG:colcon.colcon_core.event_reactor:joining thread
[12.240s] INFO:colcon.colcon_core.plugin_system:Skipping extension 'colcon_notification.desktop_notification.notify_send': Could not find 'notify-send'
[12.240s] INFO:colcon.colcon_core.plugin_system:Skipping extension 'colcon_notification.desktop_notification.terminal_notifier': Not used on non-Darwin systems
[12.241s] INFO:colcon.colcon_core.plugin_system:Skipping extension 'colcon_notification.desktop_notification.win32': Not used on non-Windows systems
[12.241s] INFO:colcon.colcon_notification.desktop_notification:Sending desktop notification using 'notify2'
[12.249s] DEBUG:colcon.colcon_notification.desktop_notification.notify2:Failed to initialize notify2: org.freedesktop.DBus.Error.Spawn.ExecFailed: /usr/bin/dbus-launch terminated abnormally without any error message
[12.250s] DEBUG:colcon.colcon_core.event_reactor:joined thread
[12.251s] INFO:colcon.colcon_core.shell:Creating prefix script '/workspaces/polymath_workspace/src/hemisphere_gnss_v500_driver/install/local_setup.ps1'
[12.254s] INFO:colcon.colcon_core.shell:Creating prefix util module '/workspaces/polymath_workspace/src/hemisphere_gnss_v500_driver/install/_local_setup_util_ps1.py'
[12.259s] INFO:colcon.colcon_core.shell:Creating prefix chain script '/workspaces/polymath_workspace/src/hemisphere_gnss_v500_driver/install/setup.ps1'
[12.270s] INFO:colcon.colcon_core.shell:Creating prefix script '/workspaces/polymath_workspace/src/hemisphere_gnss_v500_driver/install/local_setup.sh'
[12.272s] INFO:colcon.colcon_core.shell:Creating prefix util module '/workspaces/polymath_workspace/src/hemisphere_gnss_v500_driver/install/_local_setup_util_sh.py'
[12.275s] INFO:colcon.colcon_core.shell:Creating prefix chain script '/workspaces/polymath_workspace/src/hemisphere_gnss_v500_driver/install/setup.sh'
[12.291s] INFO:colcon.colcon_core.shell:Creating prefix script '/workspaces/polymath_workspace/src/hemisphere_gnss_v500_driver/install/local_setup.bash'
[12.293s] INFO:colcon.colcon_core.shell:Creating prefix chain script '/workspaces/polymath_workspace/src/hemisphere_gnss_v500_driver/install/setup.bash'
[12.311s] INFO:colcon.colcon_core.shell:Creating prefix script '/workspaces/polymath_workspace/src/hemisphere_gnss_v500_driver/install/local_setup.zsh'
[12.313s] INFO:colcon.colcon_core.shell:Creating prefix chain script '/workspaces/polymath_workspace/src/hemisphere_gnss_v500_driver/install/setup.zsh'
