[0.020s] Invoking command in '/workspaces/polymath_workspace/src/hemisphere_gnss_v500_driver/build/hemisphere_gnss_v500_driver': CMAKE_PREFIX_PATH=${CMAKE_PREFIX_PATH}:/workspaces/polymath_workspace/install/rqt_joint_trajectory_controller:/workspaces/polymath_workspace/install/ros2_lidar_processing:/workspaces/polymath_workspace/install/ros2_controllers_test_nodes:/workspaces/polymath_workspace/install/polymath_systemd_ros_client:/workspaces/polymath_workspace/install/pointcloud_to_image:/workspaces/polymath_workspace/install/kf_hungarian_tracker:/workspaces/polymath_workspace/install/lidar_test_bench:/opt/ros/humble /usr/bin/cmake --build /workspaces/polymath_workspace/src/hemisphere_gnss_v500_driver/build/hemisphere_gnss_v500_driver -- -j20 -l20
[0.095s] [35m[1mConsolidate compiler generated dependencies of target hemisphere_component[0m
[0.108s] [ 28%] Built target hemisphere_driver_node
[0.125s] [ 42%] [32mBuilding CXX object CMakeFiles/hemisphere_component.dir/utilities/nmea_framer.cpp.o[0m
[1.795s] In file included from [01m[K/opt/ros/humble/include/rclcpp/rclcpp/logging.hpp:24[m[K,
[1.795s]                  from [01m[K/opt/ros/humble/include/rclcpp/rclcpp/client.hpp:40[m[K,
[1.795s]                  from [01m[K/opt/ros/humble/include/rclcpp/rclcpp/callback_group.hpp:24[m[K,
[1.795s]                  from [01m[K/opt/ros/humble/include/rclcpp/rclcpp/any_executable.hpp:20[m[K,
[1.795s]                  from [01m[K/opt/ros/humble/include/rclcpp/rclcpp/memory_strategy.hpp:25[m[K,
[1.796s]                  from [01m[K/opt/ros/humble/include/rclcpp/rclcpp/memory_strategies.hpp:18[m[K,
[1.796s]                  from [01m[K/opt/ros/humble/include/rclcpp/rclcpp/executor_options.hpp:20[m[K,
[1.796s]                  from [01m[K/opt/ros/humble/include/rclcpp/rclcpp/executor.hpp:37[m[K,
[1.796s]                  from [01m[K/opt/ros/humble/include/rclcpp/rclcpp/executors/multi_threaded_executor.hpp:25[m[K,
[1.796s]                  from [01m[K/opt/ros/humble/include/rclcpp/rclcpp/executors.hpp:21[m[K,
[1.796s]                  from [01m[K/opt/ros/humble/include/rclcpp/rclcpp/rclcpp.hpp:155[m[K,
[1.796s]                  from [01m[K/workspaces/polymath_workspace/src/hemisphere_gnss_v500_driver/utilities/nmea_framer.hpp:11[m[K,
[1.796s]                  from [01m[K/workspaces/polymath_workspace/src/hemisphere_gnss_v500_driver/utilities/nmea_framer.cpp:1[m[K:
[1.796s] [01m[K/workspaces/polymath_workspace/src/hemisphere_gnss_v500_driver/utilities/nmea_framer.cpp:[m[K In member function ‘[01m[Kstd::vector<std::__cxx11::basic_string<char> > hemisphere_gnss_v500_driver::NMEA_FRAMER::on_nmea_frame(std::vector<unsigned char, std::allocator<unsigned char> >)[m[K’:
[1.796s] [01m[K/workspaces/polymath_workspace/src/hemisphere_gnss_v500_driver/utilities/nmea_framer.cpp:19:76:[m[K [01;31m[Kerror: [m[K‘[01m[Kbytes_as_str[m[K’ was not declared in this scope
[1.796s]    19 |     RCLCPP_INFO(rclcpp::get_logger("nmea_framer"), "Received bytes: [%s]", [01;31m[Kbytes_as_str[m[K.c_str());
[1.796s]       |                                                                            [01;31m[K^~~~~~~~~~~~[m[K
[2.104s] gmake[2]: *** [CMakeFiles/hemisphere_component.dir/build.make:90: CMakeFiles/hemisphere_component.dir/utilities/nmea_framer.cpp.o] Error 1
[2.104s] gmake[1]: *** [CMakeFiles/Makefile2:139: CMakeFiles/hemisphere_component.dir/all] Error 2
[2.105s] gmake: *** [Makefile:146: all] Error 2
[2.107s] Invoked command in '/workspaces/polymath_workspace/src/hemisphere_gnss_v500_driver/build/hemisphere_gnss_v500_driver' returned '2': CMAKE_PREFIX_PATH=${CMAKE_PREFIX_PATH}:/workspaces/polymath_workspace/install/rqt_joint_trajectory_controller:/workspaces/polymath_workspace/install/ros2_lidar_processing:/workspaces/polymath_workspace/install/ros2_controllers_test_nodes:/workspaces/polymath_workspace/install/polymath_systemd_ros_client:/workspaces/polymath_workspace/install/pointcloud_to_image:/workspaces/polymath_workspace/install/kf_hungarian_tracker:/workspaces/polymath_workspace/install/lidar_test_bench:/opt/ros/humble /usr/bin/cmake --build /workspaces/polymath_workspace/src/hemisphere_gnss_v500_driver/build/hemisphere_gnss_v500_driver -- -j20 -l20
