[0.021s] Invoking command in '/workspaces/polymath_workspace/src/hemisphere_gnss_v500_driver/build/hemisphere_gnss_v500_driver': CMAKE_PREFIX_PATH=${CMAKE_PREFIX_PATH}:/workspaces/polymath_workspace/install/rqt_joint_trajectory_controller:/workspaces/polymath_workspace/install/ros2_lidar_processing:/workspaces/polymath_workspace/install/ros2_controllers_test_nodes:/workspaces/polymath_workspace/install/polymath_systemd_ros_client:/workspaces/polymath_workspace/install/pointcloud_to_image:/workspaces/polymath_workspace/install/kf_hungarian_tracker:/workspaces/polymath_workspace/install/lidar_test_bench:/opt/ros/humble /usr/bin/cmake --build /workspaces/polymath_workspace/src/hemisphere_gnss_v500_driver/build/hemisphere_gnss_v500_driver -- -j20 -l20
[0.092s] [35m[1mConsolidate compiler generated dependencies of target hemisphere_component[0m
[0.115s] [ 28%] Built target hemisphere_driver_node
[0.124s] [ 42%] [32mBuilding CXX object CMakeFiles/hemisphere_component.dir/src/hemisphere_driver_node.cpp.o[0m
[1.728s] In file included from [01m[K/opt/ros/humble/include/rclcpp/rclcpp/logging.hpp:24[m[K,
[1.728s]                  from [01m[K/opt/ros/humble/include/rclcpp/rclcpp/client.hpp:40[m[K,
[1.728s]                  from [01m[K/opt/ros/humble/include/rclcpp/rclcpp/callback_group.hpp:24[m[K,
[1.728s]                  from [01m[K/opt/ros/humble/include/rclcpp/rclcpp/any_executable.hpp:20[m[K,
[1.728s]                  from [01m[K/opt/ros/humble/include/rclcpp/rclcpp/memory_strategy.hpp:25[m[K,
[1.728s]                  from [01m[K/opt/ros/humble/include/rclcpp/rclcpp/memory_strategies.hpp:18[m[K,
[1.729s]                  from [01m[K/opt/ros/humble/include/rclcpp/rclcpp/executor_options.hpp:20[m[K,
[1.729s]                  from [01m[K/opt/ros/humble/include/rclcpp/rclcpp/executor.hpp:37[m[K,
[1.729s]                  from [01m[K/opt/ros/humble/include/rclcpp/rclcpp/executors/multi_threaded_executor.hpp:25[m[K,
[1.729s]                  from [01m[K/opt/ros/humble/include/rclcpp/rclcpp/executors.hpp:21[m[K,
[1.729s]                  from [01m[K/opt/ros/humble/include/rclcpp/rclcpp/rclcpp.hpp:155[m[K,
[1.729s]                  from [01m[K/workspaces/polymath_workspace/src/hemisphere_gnss_v500_driver/utilities/tcp_client.hpp:12[m[K,
[1.729s]                  from [01m[K/workspaces/polymath_workspace/src/hemisphere_gnss_v500_driver/include/hemisphere_gnss_v500_driver/hemisphere_driver_node.hpp:9[m[K,
[1.729s]                  from [01m[K/workspaces/polymath_workspace/src/hemisphere_gnss_v500_driver/src/hemisphere_driver_node.cpp:1[m[K:
[1.729s] [01m[K/workspaces/polymath_workspace/src/hemisphere_gnss_v500_driver/src/hemisphere_driver_node.cpp:[m[K In member function ‘[01m[Kvoid hemisphere_gnss_v500_driver::HemisphereDriverNode::on_gps_bytes_receive(const std::vector<unsigned char, std::allocator<unsigned char> >&)[m[K’:
[1.729s] [01m[K/workspaces/polymath_workspace/src/hemisphere_gnss_v500_driver/src/hemisphere_driver_node.cpp:77:29:[m[K [01;35m[Kwarning: [m[Ktoo many arguments for format [[01;35m[K-Wformat-extra-args[m[K]
[1.729s]    77 |   RCLCPP_INFO(get_logger(), [01;35m[K"SIZE"[m[K, nmea_sentences_.size());
[1.729s]       |                             [01;35m[K^~~~~~[m[K
[4.651s] [ 57%] [32m[1mLinking CXX shared library libhemisphere_component.so[0m
[4.755s] [100%] Built target hemisphere_component
[4.771s] Invoked command in '/workspaces/polymath_workspace/src/hemisphere_gnss_v500_driver/build/hemisphere_gnss_v500_driver' returned '0': CMAKE_PREFIX_PATH=${CMAKE_PREFIX_PATH}:/workspaces/polymath_workspace/install/rqt_joint_trajectory_controller:/workspaces/polymath_workspace/install/ros2_lidar_processing:/workspaces/polymath_workspace/install/ros2_controllers_test_nodes:/workspaces/polymath_workspace/install/polymath_systemd_ros_client:/workspaces/polymath_workspace/install/pointcloud_to_image:/workspaces/polymath_workspace/install/kf_hungarian_tracker:/workspaces/polymath_workspace/install/lidar_test_bench:/opt/ros/humble /usr/bin/cmake --build /workspaces/polymath_workspace/src/hemisphere_gnss_v500_driver/build/hemisphere_gnss_v500_driver -- -j20 -l20
[4.787s] Invoking command in '/workspaces/polymath_workspace/src/hemisphere_gnss_v500_driver/build/hemisphere_gnss_v500_driver': CMAKE_PREFIX_PATH=${CMAKE_PREFIX_PATH}:/workspaces/polymath_workspace/install/rqt_joint_trajectory_controller:/workspaces/polymath_workspace/install/ros2_lidar_processing:/workspaces/polymath_workspace/install/ros2_controllers_test_nodes:/workspaces/polymath_workspace/install/polymath_systemd_ros_client:/workspaces/polymath_workspace/install/pointcloud_to_image:/workspaces/polymath_workspace/install/kf_hungarian_tracker:/workspaces/polymath_workspace/install/lidar_test_bench:/opt/ros/humble /usr/bin/cmake --install /workspaces/polymath_workspace/src/hemisphere_gnss_v500_driver/build/hemisphere_gnss_v500_driver
[4.794s] -- Install configuration: "Release"
[4.794s] -- Up-to-date: /workspaces/polymath_workspace/src/hemisphere_gnss_v500_driver/install/hemisphere_gnss_v500_driver/lib/hemisphere_gnss_v500_driver/hemisphere_driver_node
[4.794s] -- Installing: /workspaces/polymath_workspace/src/hemisphere_gnss_v500_driver/install/hemisphere_gnss_v500_driver/lib/libhemisphere_component.so
[4.794s] -- Set runtime path of "/workspaces/polymath_workspace/src/hemisphere_gnss_v500_driver/install/hemisphere_gnss_v500_driver/lib/libhemisphere_component.so" to ""
[4.795s] -- Up-to-date: /workspaces/polymath_workspace/src/hemisphere_gnss_v500_driver/install/hemisphere_gnss_v500_driver/share/ament_index/resource_index/package_run_dependencies/hemisphere_gnss_v500_driver
[4.795s] -- Up-to-date: /workspaces/polymath_workspace/src/hemisphere_gnss_v500_driver/install/hemisphere_gnss_v500_driver/share/ament_index/resource_index/parent_prefix_path/hemisphere_gnss_v500_driver
[4.795s] -- Up-to-date: /workspaces/polymath_workspace/src/hemisphere_gnss_v500_driver/install/hemisphere_gnss_v500_driver/share/hemisphere_gnss_v500_driver/environment/ament_prefix_path.sh
[4.795s] -- Up-to-date: /workspaces/polymath_workspace/src/hemisphere_gnss_v500_driver/install/hemisphere_gnss_v500_driver/share/hemisphere_gnss_v500_driver/environment/ament_prefix_path.dsv
[4.795s] -- Up-to-date: /workspaces/polymath_workspace/src/hemisphere_gnss_v500_driver/install/hemisphere_gnss_v500_driver/share/hemisphere_gnss_v500_driver/environment/path.sh
[4.795s] -- Up-to-date: /workspaces/polymath_workspace/src/hemisphere_gnss_v500_driver/install/hemisphere_gnss_v500_driver/share/hemisphere_gnss_v500_driver/environment/path.dsv
[4.795s] -- Up-to-date: /workspaces/polymath_workspace/src/hemisphere_gnss_v500_driver/install/hemisphere_gnss_v500_driver/share/hemisphere_gnss_v500_driver/local_setup.bash
[4.795s] -- Up-to-date: /workspaces/polymath_workspace/src/hemisphere_gnss_v500_driver/install/hemisphere_gnss_v500_driver/share/hemisphere_gnss_v500_driver/local_setup.sh
[4.795s] -- Up-to-date: /workspaces/polymath_workspace/src/hemisphere_gnss_v500_driver/install/hemisphere_gnss_v500_driver/share/hemisphere_gnss_v500_driver/local_setup.zsh
[4.795s] -- Up-to-date: /workspaces/polymath_workspace/src/hemisphere_gnss_v500_driver/install/hemisphere_gnss_v500_driver/share/hemisphere_gnss_v500_driver/local_setup.dsv
[4.796s] -- Installing: /workspaces/polymath_workspace/src/hemisphere_gnss_v500_driver/install/hemisphere_gnss_v500_driver/share/hemisphere_gnss_v500_driver/package.dsv
[4.796s] -- Up-to-date: /workspaces/polymath_workspace/src/hemisphere_gnss_v500_driver/install/hemisphere_gnss_v500_driver/share/ament_index/resource_index/packages/hemisphere_gnss_v500_driver
[4.796s] -- Up-to-date: /workspaces/polymath_workspace/src/hemisphere_gnss_v500_driver/install/hemisphere_gnss_v500_driver/share/ament_index/resource_index/rclcpp_components/hemisphere_gnss_v500_driver
[4.796s] -- Up-to-date: /workspaces/polymath_workspace/src/hemisphere_gnss_v500_driver/install/hemisphere_gnss_v500_driver/share/hemisphere_gnss_v500_driver/cmake/hemisphere_gnss_v500_driverConfig.cmake
[4.796s] -- Up-to-date: /workspaces/polymath_workspace/src/hemisphere_gnss_v500_driver/install/hemisphere_gnss_v500_driver/share/hemisphere_gnss_v500_driver/cmake/hemisphere_gnss_v500_driverConfig-version.cmake
[4.796s] -- Up-to-date: /workspaces/polymath_workspace/src/hemisphere_gnss_v500_driver/install/hemisphere_gnss_v500_driver/share/hemisphere_gnss_v500_driver/package.xml
[4.797s] Invoked command in '/workspaces/polymath_workspace/src/hemisphere_gnss_v500_driver/build/hemisphere_gnss_v500_driver' returned '0': CMAKE_PREFIX_PATH=${CMAKE_PREFIX_PATH}:/workspaces/polymath_workspace/install/rqt_joint_trajectory_controller:/workspaces/polymath_workspace/install/ros2_lidar_processing:/workspaces/polymath_workspace/install/ros2_controllers_test_nodes:/workspaces/polymath_workspace/install/polymath_systemd_ros_client:/workspaces/polymath_workspace/install/pointcloud_to_image:/workspaces/polymath_workspace/install/kf_hungarian_tracker:/workspaces/polymath_workspace/install/lidar_test_bench:/opt/ros/humble /usr/bin/cmake --install /workspaces/polymath_workspace/src/hemisphere_gnss_v500_driver/build/hemisphere_gnss_v500_driver
