[0.018s] Invoking command in '/workspaces/polymath_workspace/src/hemisphere_gnss_v500_driver/build/hemisphere_gnss_v500_driver': CMAKE_PREFIX_PATH=${CMAKE_PREFIX_PATH}:/workspaces/polymath_workspace/install/rqt_joint_trajectory_controller:/workspaces/polymath_workspace/install/ros2_lidar_processing:/workspaces/polymath_workspace/install/ros2_controllers_test_nodes:/workspaces/polymath_workspace/install/polymath_systemd_ros_client:/workspaces/polymath_workspace/install/pointcloud_to_image:/workspaces/polymath_workspace/install/kf_hungarian_tracker:/workspaces/polymath_workspace/install/lidar_test_bench:/opt/ros/humble /usr/bin/cmake --build /workspaces/polymath_workspace/src/hemisphere_gnss_v500_driver/build/hemisphere_gnss_v500_driver -- -j20 -l20
[0.074s] [35m[1mConsolidate compiler generated dependencies of target hemisphere_driver_node[0m
[0.075s] [35m[1mConsolidate compiler generated dependencies of target hemisphere_component[0m
[0.099s] [ 28%] [32mBuilding CXX object CMakeFiles/hemisphere_component.dir/src/hemisphere_driver_node.cpp.o[0m
[0.099s] [ 42%] Built target hemisphere_driver_node
[0.100s] [ 57%] [32mBuilding CXX object CMakeFiles/hemisphere_component.dir/utilities/tcp_client.cpp.o[0m
[0.181s] In file included from [01m[K/workspaces/polymath_workspace/src/hemisphere_gnss_v500_driver/utilities/tcp_client.cpp:1[m[K:
[0.181s] [01m[K/workspaces/polymath_workspace/src/hemisphere_gnss_v500_driver/utilities/tcp_client.hpp:12:10:[m[K [01;31m[Kfatal error: [m[Krclcpp/rclcpp.h: No such file or directory
[0.181s]    12 | #include [01;31m[K<rclcpp/rclcpp.h>[m[K
[0.181s]       |          [01;31m[K^~~~~~~~~~~~~~~~~[m[K
[0.181s] compilation terminated.
[0.183s] gmake[2]: *** [CMakeFiles/hemisphere_component.dir/build.make:118: CMakeFiles/hemisphere_component.dir/utilities/tcp_client.cpp.o] Error 1
[0.183s] gmake[2]: *** Waiting for unfinished jobs....
[0.187s] In file included from [01m[K/workspaces/polymath_workspace/src/hemisphere_gnss_v500_driver/include/hemisphere_gnss_v500_driver/hemisphere_driver_node.hpp:9[m[K,
[0.187s]                  from [01m[K/workspaces/polymath_workspace/src/hemisphere_gnss_v500_driver/src/hemisphere_driver_node.cpp:1[m[K:
[0.187s] [01m[K/workspaces/polymath_workspace/src/hemisphere_gnss_v500_driver/utilities/tcp_client.hpp:12:10:[m[K [01;31m[Kfatal error: [m[Krclcpp/rclcpp.h: No such file or directory
[0.187s]    12 | #include [01;31m[K<rclcpp/rclcpp.h>[m[K
[0.187s]       |          [01;31m[K^~~~~~~~~~~~~~~~~[m[K
[0.187s] compilation terminated.
[0.189s] gmake[2]: *** [CMakeFiles/hemisphere_component.dir/build.make:76: CMakeFiles/hemisphere_component.dir/src/hemisphere_driver_node.cpp.o] Error 1
[0.189s] gmake[1]: *** [CMakeFiles/Makefile2:139: CMakeFiles/hemisphere_component.dir/all] Error 2
[0.189s] gmake: *** [Makefile:146: all] Error 2
[0.191s] Invoked command in '/workspaces/polymath_workspace/src/hemisphere_gnss_v500_driver/build/hemisphere_gnss_v500_driver' returned '2': CMAKE_PREFIX_PATH=${CMAKE_PREFIX_PATH}:/workspaces/polymath_workspace/install/rqt_joint_trajectory_controller:/workspaces/polymath_workspace/install/ros2_lidar_processing:/workspaces/polymath_workspace/install/ros2_controllers_test_nodes:/workspaces/polymath_workspace/install/polymath_systemd_ros_client:/workspaces/polymath_workspace/install/pointcloud_to_image:/workspaces/polymath_workspace/install/kf_hungarian_tracker:/workspaces/polymath_workspace/install/lidar_test_bench:/opt/ros/humble /usr/bin/cmake --build /workspaces/polymath_workspace/src/hemisphere_gnss_v500_driver/build/hemisphere_gnss_v500_driver -- -j20 -l20
