-- The C compiler identification is GNU 11.4.0
-- The CXX compiler identification is GNU 11.4.0
-- Detecting C compiler ABI info
-- Detecting C compiler ABI info - done
-- Check for working C compiler: /usr/bin/cc - skipped
-- Detecting C compile features
-- Detecting C compile features - done
-- Detecting CXX compiler ABI info
-- Detecting CXX compiler ABI info - done
-- Check for working CXX compiler: /usr/bin/c++ - skipped
-- Detecting CXX compile features
-- Detecting CXX compile features - done
-- Found ament_cmake: 1.3.12 (/opt/ros/humble/share/ament_cmake/cmake)
-- Found Python3: /opt/venv/bin/python3 (found version "3.10.12") found components: Interpreter 
-- Found rclcpp: 16.0.17 (/opt/ros/humble/share/rclcpp/cmake)
-- Found rosidl_generator_c: 3.1.8 (/opt/ros/humble/share/rosidl_generator_c/cmake)
-- Found rosidl_adapter: 3.1.8 (/opt/ros/humble/share/rosidl_adapter/cmake)
-- Found rosidl_generator_cpp: 3.1.8 (/opt/ros/humble/share/rosidl_generator_cpp/cmake)
-- Using all available rosidl_typesupport_c: rosidl_typesupport_fastrtps_c;rosidl_typesupport_introspection_c
-- Using all available rosidl_typesupport_cpp: rosidl_typesupport_fastrtps_cpp;rosidl_typesupport_introspection_cpp
-- Found rmw_implementation_cmake: 6.1.2 (/opt/ros/humble/share/rmw_implementation_cmake/cmake)
-- Found rmw_cyclonedds_cpp: 1.3.4 (/opt/ros/humble/share/rmw_cyclonedds_cpp/cmake)
-- Using RMW implementation 'rmw_cyclonedds_cpp'
-- Looking for pthread.h
-- Looking for pthread.h - found
-- Performing Test CMAKE_HAVE_LIBC_PTHREAD
-- Performing Test CMAKE_HAVE_LIBC_PTHREAD - Success
-- Found Threads: TRUE  
-- Found rclcpp_lifecycle: 16.0.17 (/opt/ros/humble/share/rclcpp_lifecycle/cmake)
-- Found rclcpp_components: 16.0.17 (/opt/ros/humble/share/rclcpp_components/cmake)
-- Found sensor_msgs: 4.9.0 (/opt/ros/humble/share/sensor_msgs/cmake)
-- Configuring done
-- Generating done
-- Build files have been written to: /workspaces/polymath_workspace/src/hemisphere_gnss_v500_driver/build/hemisphere_gnss_v500_driver
[ 14%] [32mBuilding CXX object CMakeFiles/hemisphere_driver_node.dir/rclcpp_components/node_main_hemisphere_driver_node.cpp.o[0m
[ 28%] [32mBuilding CXX object CMakeFiles/hemisphere_component.dir/utilities/tcp_client.cpp.o[0m
[ 42%] [32mBuilding CXX object CMakeFiles/hemisphere_component.dir/src/hemisphere_driver_node.cpp.o[0m
[ 57%] [32mBuilding CXX object CMakeFiles/hemisphere_component.dir/utilities/nmea_framer.cpp.o[0m
[ 71%] [32mBuilding CXX object CMakeFiles/hemisphere_component.dir/utilities/nmea_parser.cpp.o[0m
[ 85%] [32m[1mLinking CXX executable hemisphere_driver_node[0m
[ 85%] Built target hemisphere_driver_node
[100%] [32m[1mLinking CXX shared library libhemisphere_component.so[0m
[100%] Built target hemisphere_component
-- Install configuration: "Release"
-- Installing: /workspaces/polymath_workspace/src/hemisphere_gnss_v500_driver/install/hemisphere_gnss_v500_driver/lib/hemisphere_gnss_v500_driver/hemisphere_driver_node
-- Set runtime path of "/workspaces/polymath_workspace/src/hemisphere_gnss_v500_driver/install/hemisphere_gnss_v500_driver/lib/hemisphere_gnss_v500_driver/hemisphere_driver_node" to ""
-- Installing: /workspaces/polymath_workspace/src/hemisphere_gnss_v500_driver/install/hemisphere_gnss_v500_driver/lib/libhemisphere_component.so
-- Set runtime path of "/workspaces/polymath_workspace/src/hemisphere_gnss_v500_driver/install/hemisphere_gnss_v500_driver/lib/libhemisphere_component.so" to ""
-- Installing: /workspaces/polymath_workspace/src/hemisphere_gnss_v500_driver/install/hemisphere_gnss_v500_driver/share/ament_index/resource_index/package_run_dependencies/hemisphere_gnss_v500_driver
-- Installing: /workspaces/polymath_workspace/src/hemisphere_gnss_v500_driver/install/hemisphere_gnss_v500_driver/share/ament_index/resource_index/parent_prefix_path/hemisphere_gnss_v500_driver
-- Installing: /workspaces/polymath_workspace/src/hemisphere_gnss_v500_driver/install/hemisphere_gnss_v500_driver/share/hemisphere_gnss_v500_driver/environment/ament_prefix_path.sh
-- Installing: /workspaces/polymath_workspace/src/hemisphere_gnss_v500_driver/install/hemisphere_gnss_v500_driver/share/hemisphere_gnss_v500_driver/environment/ament_prefix_path.dsv
-- Installing: /workspaces/polymath_workspace/src/hemisphere_gnss_v500_driver/install/hemisphere_gnss_v500_driver/share/hemisphere_gnss_v500_driver/environment/path.sh
-- Installing: /workspaces/polymath_workspace/src/hemisphere_gnss_v500_driver/install/hemisphere_gnss_v500_driver/share/hemisphere_gnss_v500_driver/environment/path.dsv
-- Installing: /workspaces/polymath_workspace/src/hemisphere_gnss_v500_driver/install/hemisphere_gnss_v500_driver/share/hemisphere_gnss_v500_driver/local_setup.bash
-- Installing: /workspaces/polymath_workspace/src/hemisphere_gnss_v500_driver/install/hemisphere_gnss_v500_driver/share/hemisphere_gnss_v500_driver/local_setup.sh
-- Installing: /workspaces/polymath_workspace/src/hemisphere_gnss_v500_driver/install/hemisphere_gnss_v500_driver/share/hemisphere_gnss_v500_driver/local_setup.zsh
-- Installing: /workspaces/polymath_workspace/src/hemisphere_gnss_v500_driver/install/hemisphere_gnss_v500_driver/share/hemisphere_gnss_v500_driver/local_setup.dsv
-- Installing: /workspaces/polymath_workspace/src/hemisphere_gnss_v500_driver/install/hemisphere_gnss_v500_driver/share/hemisphere_gnss_v500_driver/package.dsv
-- Installing: /workspaces/polymath_workspace/src/hemisphere_gnss_v500_driver/install/hemisphere_gnss_v500_driver/share/ament_index/resource_index/packages/hemisphere_gnss_v500_driver
-- Installing: /workspaces/polymath_workspace/src/hemisphere_gnss_v500_driver/install/hemisphere_gnss_v500_driver/share/ament_index/resource_index/rclcpp_components/hemisphere_gnss_v500_driver
-- Installing: /workspaces/polymath_workspace/src/hemisphere_gnss_v500_driver/install/hemisphere_gnss_v500_driver/share/hemisphere_gnss_v500_driver/cmake/hemisphere_gnss_v500_driverConfig.cmake
-- Installing: /workspaces/polymath_workspace/src/hemisphere_gnss_v500_driver/install/hemisphere_gnss_v500_driver/share/hemisphere_gnss_v500_driver/cmake/hemisphere_gnss_v500_driverConfig-version.cmake
-- Installing: /workspaces/polymath_workspace/src/hemisphere_gnss_v500_driver/install/hemisphere_gnss_v500_driver/share/hemisphere_gnss_v500_driver/package.xml
