[0.015s] Invoking command in '/workspaces/polymath_workspace/src/hemisphere_gnss_v500_driver/build/hemisphere_gnss_v500_driver': CMAKE_PREFIX_PATH=${CMAKE_PREFIX_PATH}:/workspaces/polymath_workspace/install/rqt_joint_trajectory_controller:/workspaces/polymath_workspace/install/ros2_lidar_processing:/workspaces/polymath_workspace/install/ros2_controllers_test_nodes:/workspaces/polymath_workspace/install/polymath_systemd_ros_client:/workspaces/polymath_workspace/install/pointcloud_to_image:/workspaces/polymath_workspace/install/kf_hungarian_tracker:/workspaces/polymath_workspace/install/lidar_test_bench:/opt/ros/humble /usr/bin/cmake /workspaces/polymath_workspace/src/hemisphere_gnss_v500_driver -DCMAKE_BUILD_TYPE=Release -DCMAKE_INSTALL_PREFIX=/workspaces/polymath_workspace/src/hemisphere_gnss_v500_driver/install/hemisphere_gnss_v500_driver
[0.116s] -- The C compiler identification is GNU 11.4.0
[0.171s] -- The CXX compiler identification is GNU 11.4.0
[0.179s] -- Detecting C compiler ABI info
[0.270s] -- Detecting C compiler ABI info - done
[0.279s] -- Check for working C compiler: /usr/bin/cc - skipped
[0.280s] -- Detecting C compile features
[0.281s] -- Detecting C compile features - done
[0.285s] -- Detecting CXX compiler ABI info
[0.386s] -- Detecting CXX compiler ABI info - done
[0.391s] -- Check for working CXX compiler: /usr/bin/c++ - skipped
[0.392s] -- Detecting CXX compile features
[0.392s] -- Detecting CXX compile features - done
[0.400s] -- Found ament_cmake: 1.3.12 (/opt/ros/humble/share/ament_cmake/cmake)
[0.555s] -- Found Python3: /opt/venv/bin/python3 (found version "3.10.12") found components: Interpreter 
[0.718s] -- Found rclcpp: 16.0.17 (/opt/ros/humble/share/rclcpp/cmake)
[0.806s] -- Found rosidl_generator_c: 3.1.8 (/opt/ros/humble/share/rosidl_generator_c/cmake)
[0.821s] -- Found rosidl_adapter: 3.1.8 (/opt/ros/humble/share/rosidl_adapter/cmake)
[0.838s] -- Found rosidl_generator_cpp: 3.1.8 (/opt/ros/humble/share/rosidl_generator_cpp/cmake)
[0.862s] -- Using all available rosidl_typesupport_c: rosidl_typesupport_fastrtps_c;rosidl_typesupport_introspection_c
[0.894s] -- Using all available rosidl_typesupport_cpp: rosidl_typesupport_fastrtps_cpp;rosidl_typesupport_introspection_cpp
[0.977s] -- Found rmw_implementation_cmake: 6.1.2 (/opt/ros/humble/share/rmw_implementation_cmake/cmake)
[0.988s] -- Found rmw_cyclonedds_cpp: 1.3.4 (/opt/ros/humble/share/rmw_cyclonedds_cpp/cmake)
[1.033s] -- Using RMW implementation 'rmw_cyclonedds_cpp'
[1.055s] -- Looking for pthread.h
[1.136s] -- Looking for pthread.h - found
[1.137s] -- Performing Test CMAKE_HAVE_LIBC_PTHREAD
[1.221s] -- Performing Test CMAKE_HAVE_LIBC_PTHREAD - Success
[1.222s] -- Found Threads: TRUE  
[1.285s] -- Found rclcpp_lifecycle: 16.0.17 (/opt/ros/humble/share/rclcpp_lifecycle/cmake)
[1.316s] -- Found rclcpp_components: 16.0.17 (/opt/ros/humble/share/rclcpp_components/cmake)
[1.358s] -- Found sensor_msgs: 4.9.0 (/opt/ros/humble/share/sensor_msgs/cmake)
[1.484s] -- Configuring done
[1.494s] -- Generating done
[1.497s] -- Build files have been written to: /workspaces/polymath_workspace/src/hemisphere_gnss_v500_driver/build/hemisphere_gnss_v500_driver
[1.503s] Invoked command in '/workspaces/polymath_workspace/src/hemisphere_gnss_v500_driver/build/hemisphere_gnss_v500_driver' returned '0': CMAKE_PREFIX_PATH=${CMAKE_PREFIX_PATH}:/workspaces/polymath_workspace/install/rqt_joint_trajectory_controller:/workspaces/polymath_workspace/install/ros2_lidar_processing:/workspaces/polymath_workspace/install/ros2_controllers_test_nodes:/workspaces/polymath_workspace/install/polymath_systemd_ros_client:/workspaces/polymath_workspace/install/pointcloud_to_image:/workspaces/polymath_workspace/install/kf_hungarian_tracker:/workspaces/polymath_workspace/install/lidar_test_bench:/opt/ros/humble /usr/bin/cmake /workspaces/polymath_workspace/src/hemisphere_gnss_v500_driver -DCMAKE_BUILD_TYPE=Release -DCMAKE_INSTALL_PREFIX=/workspaces/polymath_workspace/src/hemisphere_gnss_v500_driver/install/hemisphere_gnss_v500_driver
[1.505s] Invoking command in '/workspaces/polymath_workspace/src/hemisphere_gnss_v500_driver/build/hemisphere_gnss_v500_driver': CMAKE_PREFIX_PATH=${CMAKE_PREFIX_PATH}:/workspaces/polymath_workspace/install/rqt_joint_trajectory_controller:/workspaces/polymath_workspace/install/ros2_lidar_processing:/workspaces/polymath_workspace/install/ros2_controllers_test_nodes:/workspaces/polymath_workspace/install/polymath_systemd_ros_client:/workspaces/polymath_workspace/install/pointcloud_to_image:/workspaces/polymath_workspace/install/kf_hungarian_tracker:/workspaces/polymath_workspace/install/lidar_test_bench:/opt/ros/humble /usr/bin/cmake --build /workspaces/polymath_workspace/src/hemisphere_gnss_v500_driver/build/hemisphere_gnss_v500_driver -- -j20 -l20
[1.571s] [ 14%] [32mBuilding CXX object CMakeFiles/hemisphere_driver_node.dir/rclcpp_components/node_main_hemisphere_driver_node.cpp.o[0m
[1.575s] [ 28%] [32mBuilding CXX object CMakeFiles/hemisphere_component.dir/utilities/tcp_client.cpp.o[0m
[1.576s] [ 42%] [32mBuilding CXX object CMakeFiles/hemisphere_component.dir/src/hemisphere_driver_node.cpp.o[0m
[1.576s] [ 57%] [32mBuilding CXX object CMakeFiles/hemisphere_component.dir/utilities/nmea_framer.cpp.o[0m
[1.577s] [ 71%] [32mBuilding CXX object CMakeFiles/hemisphere_component.dir/utilities/nmea_parser.cpp.o[0m
[6.027s] [ 85%] [32m[1mLinking CXX executable hemisphere_driver_node[0m
[6.250s] [ 85%] Built target hemisphere_driver_node
[9.856s] [100%] [32m[1mLinking CXX shared library libhemisphere_component.so[0m
[10.056s] [100%] Built target hemisphere_component
[10.080s] Invoked command in '/workspaces/polymath_workspace/src/hemisphere_gnss_v500_driver/build/hemisphere_gnss_v500_driver' returned '0': CMAKE_PREFIX_PATH=${CMAKE_PREFIX_PATH}:/workspaces/polymath_workspace/install/rqt_joint_trajectory_controller:/workspaces/polymath_workspace/install/ros2_lidar_processing:/workspaces/polymath_workspace/install/ros2_controllers_test_nodes:/workspaces/polymath_workspace/install/polymath_systemd_ros_client:/workspaces/polymath_workspace/install/pointcloud_to_image:/workspaces/polymath_workspace/install/kf_hungarian_tracker:/workspaces/polymath_workspace/install/lidar_test_bench:/opt/ros/humble /usr/bin/cmake --build /workspaces/polymath_workspace/src/hemisphere_gnss_v500_driver/build/hemisphere_gnss_v500_driver -- -j20 -l20
[10.103s] Invoking command in '/workspaces/polymath_workspace/src/hemisphere_gnss_v500_driver/build/hemisphere_gnss_v500_driver': CMAKE_PREFIX_PATH=${CMAKE_PREFIX_PATH}:/workspaces/polymath_workspace/install/rqt_joint_trajectory_controller:/workspaces/polymath_workspace/install/ros2_lidar_processing:/workspaces/polymath_workspace/install/ros2_controllers_test_nodes:/workspaces/polymath_workspace/install/polymath_systemd_ros_client:/workspaces/polymath_workspace/install/pointcloud_to_image:/workspaces/polymath_workspace/install/kf_hungarian_tracker:/workspaces/polymath_workspace/install/lidar_test_bench:/opt/ros/humble /usr/bin/cmake --install /workspaces/polymath_workspace/src/hemisphere_gnss_v500_driver/build/hemisphere_gnss_v500_driver
[10.118s] -- Install configuration: "Release"
[10.118s] -- Installing: /workspaces/polymath_workspace/src/hemisphere_gnss_v500_driver/install/hemisphere_gnss_v500_driver/lib/hemisphere_gnss_v500_driver/hemisphere_driver_node
[10.119s] -- Set runtime path of "/workspaces/polymath_workspace/src/hemisphere_gnss_v500_driver/install/hemisphere_gnss_v500_driver/lib/hemisphere_gnss_v500_driver/hemisphere_driver_node" to ""
[10.119s] -- Installing: /workspaces/polymath_workspace/src/hemisphere_gnss_v500_driver/install/hemisphere_gnss_v500_driver/lib/libhemisphere_component.so
[10.120s] -- Set runtime path of "/workspaces/polymath_workspace/src/hemisphere_gnss_v500_driver/install/hemisphere_gnss_v500_driver/lib/libhemisphere_component.so" to ""
[10.120s] -- Installing: /workspaces/polymath_workspace/src/hemisphere_gnss_v500_driver/install/hemisphere_gnss_v500_driver/share/ament_index/resource_index/package_run_dependencies/hemisphere_gnss_v500_driver
[10.120s] -- Installing: /workspaces/polymath_workspace/src/hemisphere_gnss_v500_driver/install/hemisphere_gnss_v500_driver/share/ament_index/resource_index/parent_prefix_path/hemisphere_gnss_v500_driver
[10.120s] -- Installing: /workspaces/polymath_workspace/src/hemisphere_gnss_v500_driver/install/hemisphere_gnss_v500_driver/share/hemisphere_gnss_v500_driver/environment/ament_prefix_path.sh
[10.120s] -- Installing: /workspaces/polymath_workspace/src/hemisphere_gnss_v500_driver/install/hemisphere_gnss_v500_driver/share/hemisphere_gnss_v500_driver/environment/ament_prefix_path.dsv
[10.120s] -- Installing: /workspaces/polymath_workspace/src/hemisphere_gnss_v500_driver/install/hemisphere_gnss_v500_driver/share/hemisphere_gnss_v500_driver/environment/path.sh
[10.120s] -- Installing: /workspaces/polymath_workspace/src/hemisphere_gnss_v500_driver/install/hemisphere_gnss_v500_driver/share/hemisphere_gnss_v500_driver/environment/path.dsv
[10.120s] -- Installing: /workspaces/polymath_workspace/src/hemisphere_gnss_v500_driver/install/hemisphere_gnss_v500_driver/share/hemisphere_gnss_v500_driver/local_setup.bash
[10.120s] -- Installing: /workspaces/polymath_workspace/src/hemisphere_gnss_v500_driver/install/hemisphere_gnss_v500_driver/share/hemisphere_gnss_v500_driver/local_setup.sh
[10.121s] -- Installing: /workspaces/polymath_workspace/src/hemisphere_gnss_v500_driver/install/hemisphere_gnss_v500_driver/share/hemisphere_gnss_v500_driver/local_setup.zsh
[10.121s] -- Installing: /workspaces/polymath_workspace/src/hemisphere_gnss_v500_driver/install/hemisphere_gnss_v500_driver/share/hemisphere_gnss_v500_driver/local_setup.dsv
[10.121s] -- Installing: /workspaces/polymath_workspace/src/hemisphere_gnss_v500_driver/install/hemisphere_gnss_v500_driver/share/hemisphere_gnss_v500_driver/package.dsv
[10.121s] -- Installing: /workspaces/polymath_workspace/src/hemisphere_gnss_v500_driver/install/hemisphere_gnss_v500_driver/share/ament_index/resource_index/packages/hemisphere_gnss_v500_driver
[10.121s] -- Installing: /workspaces/polymath_workspace/src/hemisphere_gnss_v500_driver/install/hemisphere_gnss_v500_driver/share/ament_index/resource_index/rclcpp_components/hemisphere_gnss_v500_driver
[10.121s] -- Installing: /workspaces/polymath_workspace/src/hemisphere_gnss_v500_driver/install/hemisphere_gnss_v500_driver/share/hemisphere_gnss_v500_driver/cmake/hemisphere_gnss_v500_driverConfig.cmake
[10.121s] -- Installing: /workspaces/polymath_workspace/src/hemisphere_gnss_v500_driver/install/hemisphere_gnss_v500_driver/share/hemisphere_gnss_v500_driver/cmake/hemisphere_gnss_v500_driverConfig-version.cmake
[10.121s] -- Installing: /workspaces/polymath_workspace/src/hemisphere_gnss_v500_driver/install/hemisphere_gnss_v500_driver/share/hemisphere_gnss_v500_driver/package.xml
[10.123s] Invoked command in '/workspaces/polymath_workspace/src/hemisphere_gnss_v500_driver/build/hemisphere_gnss_v500_driver' returned '0': CMAKE_PREFIX_PATH=${CMAKE_PREFIX_PATH}:/workspaces/polymath_workspace/install/rqt_joint_trajectory_controller:/workspaces/polymath_workspace/install/ros2_lidar_processing:/workspaces/polymath_workspace/install/ros2_controllers_test_nodes:/workspaces/polymath_workspace/install/polymath_systemd_ros_client:/workspaces/polymath_workspace/install/pointcloud_to_image:/workspaces/polymath_workspace/install/kf_hungarian_tracker:/workspaces/polymath_workspace/install/lidar_test_bench:/opt/ros/humble /usr/bin/cmake --install /workspaces/polymath_workspace/src/hemisphere_gnss_v500_driver/build/hemisphere_gnss_v500_driver
